# Copyright (c) 2017-present, Facebook, Inc.
#
# Licensed under the Apache License, Version 2.0 (the "License");
# you may not use this file except in compliance with the License.
# You may obtain a copy of the License at
#
#     http://www.apache.org/licenses/LICENSE-2.0
#
# Unless required by applicable law or agreed to in writing, software
# distributed under the License is distributed on an "AS IS" BASIS,
# WITHOUT WARRANTIES OR CONDITIONS OF ANY KIND, either express or implied.
# See the License for the specific language governing permissions and
# limitations under the License.
##############################################################################
(def
  (ident fun)
  (list
    (param
      (ident I)
      (tensor_type
        (float)
        (list (ident M)))))
  (list (param (ident O) (inferred)))
  (list
    (comprehension
      (ident O)
      (list)
      (plus_eq_b)
      (built-in
        log
        (list
          (built-in
            tanh
            (list
              (access
                (ident I)
                (list (ident i))))
            (float)))
        (float))
      (list)
      (option)
      (list (ident i)))))
I: (tensor_type (float) (list (ident M)))
M: (int32)
O: (tensor_type (float) (list))
