# Copyright (c) 2017-present, Facebook, Inc.
#
# Licensed under the Apache License, Version 2.0 (the "License");
# you may not use this file except in compliance with the License.
# You may obtain a copy of the License at
#
#     http://www.apache.org/licenses/LICENSE-2.0
#
# Unless required by applicable law or agreed to in writing, software
# distributed under the License is distributed on an "AS IS" BASIS,
# WITHOUT WARRANTIES OR CONDITIONS OF ANY KIND, either express or implied.
# See the License for the specific language governing permissions and
# limitations under the License.
##############################################################################
(def
  (ident fun)
  (list
    (param
      (ident A)
      (tensor_type
        (float)
        (list (ident M))))
    (param
      (ident B)
      (tensor_type
        (float)
        (list (ident N)))))
  (list (param (ident O) (inferred)))
  (list
    (comprehension
      (ident O)
      (list)
      max
      (access
        (ident A)
        (list
          (access
            (ident B)
            (list (ident i)))))
      (list)
      (list (ident i)))))
A: (tensor_type (float) (list (ident M)))
B: (tensor_type (float) (list (ident N)))
M: (long)
N: (long)
O: (tensor_type (list))
