# Copyright (c) 2017-present, Facebook, Inc.
#
# Licensed under the Apache License, Version 2.0 (the "License");
# you may not use this file except in compliance with the License.
# You may obtain a copy of the License at
#
#     http://www.apache.org/licenses/LICENSE-2.0
#
# Unless required by applicable law or agreed to in writing, software
# distributed under the License is distributed on an "AS IS" BASIS,
# WITHOUT WARRANTIES OR CONDITIONS OF ANY KIND, either express or implied.
# See the License for the specific language governing permissions and
# limitations under the License.
##############################################################################
(comprehension
  (ident R)
  (list (ident i) (ident j))
  (plus_eq_b)
  (*
    (apply
      (ident A)
      (list (ident i) (ident j)))
    (apply
      (ident B)
      (list (ident j) (ident k))))
  (list)
  (option)
  (list))
