# Copyright (c) 2017-present, Facebook, Inc.
#
# Licensed under the Apache License, Version 2.0 (the "License");
# you may not use this file except in compliance with the License.
# You may obtain a copy of the License at
#
#     http://www.apache.org/licenses/LICENSE-2.0
#
# Unless required by applicable law or agreed to in writing, software
# distributed under the License is distributed on an "AS IS" BASIS,
# WITHOUT WARRANTIES OR CONDITIONS OF ANY KIND, either express or implied.
# See the License for the specific language governing permissions and
# limitations under the License.
##############################################################################
FOUND 'min'
min min+max 1.4 .3 3 3.
~~~ <--- HERE
3e-3 .5e-7 3E-5 foobar
---------
FOUND 'min'
min min+max 1.4 .3 3 3.
    ~~~ <--- HERE
3e-3 .5e-7 3E-5 foobar
---------
FOUND '+'
min min+max 1.4 .3 3 3.
       ~ <--- HERE
3e-3 .5e-7 3E-5 foobar
---------
FOUND 'max'
min min+max 1.4 .3 3 3.
        ~~~ <--- HERE
3e-3 .5e-7 3E-5 foobar
---------
FOUND 'number'
min min+max 1.4 .3 3 3.
            ~~~ <--- HERE
3e-3 .5e-7 3E-5 foobar
---------
FOUND 'number'
min min+max 1.4 .3 3 3.
                ~~ <--- HERE
3e-3 .5e-7 3E-5 foobar
---------
FOUND 'number'
min min+max 1.4 .3 3 3.
                   ~ <--- HERE
3e-3 .5e-7 3E-5 foobar
---------
FOUND 'number'
min min+max 1.4 .3 3 3.
                     ~~ <--- HERE
3e-3 .5e-7 3E-5 foobar
---------
FOUND 'number'
min min+max 1.4 .3 3 3.
3e-3 .5e-7 3E-5 foobar
~~~~ <--- HERE
---------
FOUND 'number'
min min+max 1.4 .3 3 3.
3e-3 .5e-7 3E-5 foobar
     ~~~~~ <--- HERE
---------
FOUND 'number'
min min+max 1.4 .3 3 3.
3e-3 .5e-7 3E-5 foobar
           ~~~~ <--- HERE
---------
FOUND 'ident'
min min+max 1.4 .3 3 3.
3e-3 .5e-7 3E-5 foobar
                ~~~~~~ <--- HERE
---------
