# Copyright (c) 2017-present, Facebook, Inc.
#
# Licensed under the Apache License, Version 2.0 (the "License");
# you may not use this file except in compliance with the License.
# You may obtain a copy of the License at
#
#     http://www.apache.org/licenses/LICENSE-2.0
#
# Unless required by applicable law or agreed to in writing, software
# distributed under the License is distributed on an "AS IS" BASIS,
# WITHOUT WARRANTIES OR CONDITIONS OF ANY KIND, either express or implied.
# See the License for the specific language governing permissions and
# limitations under the License.
##############################################################################
B: (int32)
H: (int32)
IP: (int32)
KH: (int32)
KW: (int32)
OP: (int32)
W: (int32)
input: (tensor_type
  (float)
  (list
    (ident B)
    (ident IP)
    (ident H)
    (ident W)))
output: (tensor_type
  (float)
  (list
    (ident output.0)
    (ident output.1)
    (ident output.2)
    (ident output.3)))
weight: (tensor_type
  (float)
  (list
    (ident OP)
    (ident IP)
    (ident KH)
    (ident KW)))
