# Copyright (c) 2017-present, Facebook, Inc.
#
# Licensed under the Apache License, Version 2.0 (the "License");
# you may not use this file except in compliance with the License.
# You may obtain a copy of the License at
#
#     http://www.apache.org/licenses/LICENSE-2.0
#
# Unless required by applicable law or agreed to in writing, software
# distributed under the License is distributed on an "AS IS" BASIS,
# WITHOUT WARRANTIES OR CONDITIONS OF ANY KIND, either express or implied.
# See the License for the specific language governing permissions and
# limitations under the License.
##############################################################################
(comprehension
  (ident output)
  (list
    (ident b)
    (ident op)
    (ident h)
    (ident w))
  (plus_eq_b)
  (*
    (apply
      (ident input)
      (list
        (ident b)
        (ident ip)
        (+ (ident h) (ident kh))
        (+ (ident w) (ident kw))))
    (apply
      (ident weight)
      (list
        (ident op)
        (ident ip)
        (ident kh)
        (ident kw))))
  (list)
  (option)
  (list))
